   Γû▓ Next.js 15.5.12
   - Environments: .env.local

   Creating an optimized production build ...
npx : Failed to compile.
At line:1 char:1
+ npx next build > build_output.txt 2>&1
+ ~~~~~~~~~~~~~~~~~~~~~~~~~~~~~~~~~~~~~~
    + CategoryInfo          : NotSpecified: ( 
   Failed to compile.:String) [], RemoteExce  
  ption
    + FullyQualifiedErrorId : NativeCommandEr 
   ror
 

./app/admin/banners/page.tsx
Error:   [31mx[0m You're importing a 
component that needs `useEffect`. This React 
Hook only works in a Client Component. To 
fix, mark the file (or its parent) with the 
`"use client"` directive.
  [31m|[0m
  [31m|[0m  Learn more: https://nextjs.org/d
ocs/app/api-reference/directives/use-client
  [31m|[0m

   ,-[[36;1;4mD:\React\EShop_Reactjs_new_main
\FE\app\admin\banners\page.tsx[0m:1:1]
 [2m1[0m | import React, { useEffect, 
useState, useRef } from 'react';
   : [35;1m                ^^^^^^^^^[0m
 [2m2[0m | import { useAdminStore } from 
'@/lib/stores/use-admin-store';
 [2m3[0m | import { toast } from 
'react-hot-toast';
 [2m3[0m | import {
   `----
  [31mx[0m You're importing a component 
that needs `useState`. This React Hook only 
works in a Client Component. To fix, mark the 
file (or its parent) with the `"use client"` 
directive.
  [31m|[0m
  [31m|[0m  Learn more: https://nextjs.org/d
ocs/app/api-reference/directives/use-client
  [31m|[0m

   ,-[[36;1;4mD:\React\EShop_Reactjs_new_main
\FE\app\admin\banners\page.tsx[0m:1:1]
 [2m1[0m | import React, { useEffect, 
useState, useRef } from 'react';
   : [35;1m                           
^^^^^^^^[0m
 [2m2[0m | import { useAdminStore } from 
'@/lib/stores/use-admin-store';
 [2m3[0m | import { toast } from 
'react-hot-toast';
 [2m3[0m | import {
   `----
  [31mx[0m You're importing a component 
that needs `useRef`. This React Hook only 
works in a Client Component. To fix, mark the 
file (or its parent) with the `"use client"` 
directive.
  [31m|[0m
  [31m|[0m  Learn more: https://nextjs.org/d
ocs/app/api-reference/directives/use-client
  [31m|[0m

   ,-[[36;1;4mD:\React\EShop_Reactjs_new_main
\FE\app\admin\banners\page.tsx[0m:1:1]
 [2m1[0m | import React, { useEffect, 
useState, useRef } from 'react';
   : [35;1m                                  
   ^^^^^^[0m
 [2m2[0m | import { useAdminStore } from 
'@/lib/stores/use-admin-store';
 [2m3[0m | import { toast } from 
'react-hot-toast';
 [2m3[0m | import {
   `----

Import trace for requested module:
./app/admin/banners/page.tsx

./app/admin/categories/page.tsx
Error:   [31mx[0m You're importing a 
component that needs `useEffect`. This React 
Hook only works in a Client Component. To 
fix, mark the file (or its parent) with the 
`"use client"` directive.
  [31m|[0m
  [31m|[0m  Learn more: https://nextjs.org/d
ocs/app/api-reference/directives/use-client
  [31m|[0m

   ,-[[36;1;4mD:\React\EShop_Reactjs_new_main
\FE\app\admin\categories\page.tsx[0m:1:1]
 [2m1[0m | import React, { useEffect, 
useState, useRef } from 'react';
   : [35;1m                ^^^^^^^^^[0m
 [2m2[0m | import { useAdminStore } from 
'@/lib/stores/use-admin-store';
 [2m3[0m | import { toast } from 
'react-hot-toast';
 [2m3[0m | import {
   `----
  [31mx[0m You're importing a component 
that needs `useState`. This React Hook only 
works in a Client Component. To fix, mark the 
file (or its parent) with the `"use client"` 
directive.
  [31m|[0m
  [31m|[0m  Learn more: https://nextjs.org/d
ocs/app/api-reference/directives/use-client
  [31m|[0m

   ,-[[36;1;4mD:\React\EShop_Reactjs_new_main
\FE\app\admin\categories\page.tsx[0m:1:1]
 [2m1[0m | import React, { useEffect, 
useState, useRef } from 'react';
   : [35;1m                           
^^^^^^^^[0m
 [2m2[0m | import { useAdminStore } from 
'@/lib/stores/use-admin-store';
 [2m3[0m | import { toast } from 
'react-hot-toast';
 [2m3[0m | import {
   `----
  [31mx[0m You're importing a component 
that needs `useRef`. This React Hook only 
works in a Client Component. To fix, mark the 
file (or its parent) with the `"use client"` 
directive.
  [31m|[0m
  [31m|[0m  Learn more: https://nextjs.org/d
ocs/app/api-reference/directives/use-client
  [31m|[0m

   ,-[[36;1;4mD:\React\EShop_Reactjs_new_main
\FE\app\admin\categories\page.tsx[0m:1:1]
 [2m1[0m | import React, { useEffect, 
useState, useRef } from 'react';
   : [35;1m                                  
   ^^^^^^[0m
 [2m2[0m | import { useAdminStore } from 
'@/lib/stores/use-admin-store';
 [2m3[0m | import { toast } from 
'react-hot-toast';
 [2m3[0m | import {
   `----

Import trace for requested module:
./app/admin/categories/page.tsx


> Build failed because of webpack errors
